// Jest Snapshot v1, https://goo.gl/fbAQLP

exports[`CardProductOffer component matches snapshot 1`] = `
<DocumentFragment>
  <div
    class="cardOffersList"
    data-testid="card-product-offer"
  >
    <div
      class="cardOffersList__title"
    >
      <p
        class="text--large"
        data-testid="text"
      >
        Offers
      </p>
    </div>
    <div
      class="card__item--offers"
    />
  </div>
</DocumentFragment>
`;
