// Jest Snapshot v1, https://goo.gl/fbAQLP

exports[`ProductList component matches snapshot 1`] = `
<DocumentFragment>
  <div
    class="shopPage"
    data-testid="shop-page"
  >
    <nav
      class="nav"
      data-testid="navigation-bar"
    >
      <a
        data-testid="logo"
        href="/"
      >
        <img
          alt="This is logo"
          class=""
        />
      </a>
      <div
        class="nav__about"
      >
        <div
          class="menu"
          data-testid="menu"
        >
          <ul
            class="menu__list"
          >
            <li
              class="menu__item"
              data-testid="menu-item"
            >
              <a
                href="/products"
              >
                Shop
              </a>
            </li>
            <li
              class="menu__item"
            >
              <a
                href="/"
              >
                Orders
              </a>
            </li>
            <li
              class="menu__item"
            >
              <a
                href="/"
              >
                Cart
              </a>
            </li>
            <li
              class="menu__item"
            >
              <a
                href="/"
              >
                Contact
              </a>
            </li>
          </ul>
        </div>
        <button
          class="btn btn--dark"
        >
          Sign Up
        </button>
        <button
          class="btn btn__outline--dark"
        >
          Login
        </button>
      </div>
    </nav>
    <p
      class="shopPage__heading"
    >
      Home/Beverages
    </p>
    <div
      class="shopPage__info"
    >
      <div
        class="shopPage__select"
      >
        <p
          class="shopPage__title"
        >
          Category
        </p>
        <div
          class=""
          data-testid="category-list"
        >
          <div
            class="categoryList__checkbox"
          >
            <label
              class="checkbox__value"
              data-testid="category-check"
            >
              <input
                checked=""
                data-index=""
                multiple=""
                name="checkbox"
                type="checkbox"
              />
              All
            </label>
          </div>
          <div>
            <div
              class="categoryList__checkbox"
            >
              <label
                class="checkbox__value"
                data-testid="category-check"
              >
                <input
                  data-index="1234"
                  multiple=""
                  name="checkbox"
                  type="checkbox"
                />
                Beverages
              </label>
            </div>
          </div>
          <div>
            <div
              class="categoryList__checkbox"
            >
              <label
                class="checkbox__value"
                data-testid="category-check"
              >
                <input
                  data-index="12345"
                  multiple=""
                  name="checkbox"
                  type="checkbox"
                />
                Dairy
              </label>
            </div>
          </div>
          <div>
            <div
              class="categoryList__checkbox"
            >
              <label
                class="checkbox__value"
                data-testid="category-check"
              >
                <input
                  data-index="12345"
                  multiple=""
                  name="checkbox"
                  type="checkbox"
                />
                Meat
              </label>
            </div>
          </div>
          <div>
            <div
              class="categoryList__checkbox"
            >
              <label
                class="checkbox__value"
                data-testid="category-check"
              >
                <input
                  data-index="12345"
                  multiple=""
                  name="checkbox"
                  type="checkbox"
                />
                Spices & Herbs
              </label>
            </div>
          </div>
          <div>
            <div
              class="categoryList__checkbox"
            >
              <label
                class="checkbox__value"
                data-testid="category-check"
              >
                <input
                  data-index="12345"
                  multiple=""
                  name="checkbox"
                  type="checkbox"
                />
                Stationery
              </label>
            </div>
          </div>
          <div>
            <div
              class="categoryList__checkbox"
            >
              <label
                class="checkbox__value"
                data-testid="category-check"
              >
                <input
                  data-index="12345"
                  multiple=""
                  name="checkbox"
                  type="checkbox"
                />
                Costmetic
              </label>
            </div>
          </div>
        </div>
        <div
          class="shopPage__button"
        >
          <button
            class="btn btn--large"
          >
            Filter
          </button>
          <div
            class="btn btn__icon"
          >
            <i
              class="icon-filter"
              data-testid="icon"
            />
          </div>
        </div>
      </div>
      <div
        class="shopPage__product"
      >
        <div
          class="productList__medium--box"
          data-testid="product-list"
        >
          <img
            alt="This is ice-cream-sundae images"
            class="card__image"
          />
          <div
            class="card__quantity"
          >
            <a
              class="cart__link"
              href="/products/16466545464646547"
            >
              <p
                class="text--normal"
                data-testid="text"
              >
                Ice Cream Sundae
              </p>
            </a>
            <p
              class="price__original"
              data-testid="price"
            >
              <span
                class="price__unit"
              >
                $
              </span>
              20
            </p>
          </div>
          <div
            class="card__counter"
          >
            <div
              class="counter"
              data-testid="counter"
            >
              <div
                class="counter__minus"
              >
                <i
                  class="icon-minus"
                  data-testid="icon"
                />
              </div>
              <input
                class="counter__input"
                min="0"
                value="5"
              />
              <div
                class="counter__plus"
              >
                <i
                  class="icon-plus"
                  data-testid="icon"
                />
              </div>
            </div>
            <div
              class="card__icon"
            >
              <i
                class="icon-cart"
                data-testid="icon"
              />
            </div>
          </div>
        </div>
      </div>
    </div>
  </div>
</DocumentFragment>
`;
