// Jest Snapshot v1, https://goo.gl/fbAQLP

exports[`CardProductSelling component matches snapshot 1`] = `
<DocumentFragment>
  <div
    class="cardProductSellingList"
    data-testid="card-product-selling"
  >
    <div
      class="cardProductSelling__title"
    >
      <p
        class="text--large"
        data-testid="text"
      >
        Best Selling Products
      </p>
    </div>
    <div
      class="card__item--selling"
    />
  </div>
</DocumentFragment>
`;
