// Jest Snapshot v1, https://goo.gl/fbAQLP

exports[`ProductDetail component matches snapshot 1`] = `
<DocumentFragment>
  <div
    class="productDetail"
    data-testid="product-detail"
  >
    <nav
      class="nav"
      data-testid="navigation-bar"
    >
      <a
        data-testid="logo"
        href="/"
      >
        <img
          alt="This is logo"
          class=""
        />
      </a>
      <div
        class="nav__about"
      >
        <div
          class="menu"
          data-testid="menu"
        >
          <ul
            class="menu__list"
          >
            <li
              class="menu__item"
              data-testid="menu-item"
            >
              <a
                href="/products"
              >
                Shop
              </a>
            </li>
            <li
              class="menu__item"
            >
              <a
                href="/"
              >
                Orders
              </a>
            </li>
            <li
              class="menu__item"
            >
              <a
                href="/"
              >
                Cart
              </a>
            </li>
            <li
              class="menu__item"
            >
              <a
                href="/"
              >
                Contact
              </a>
            </li>
          </ul>
        </div>
        <button
          class="btn btn--dark"
        >
          Sign Up
        </button>
        <button
          class="btn btn__outline--dark"
        >
          Login
        </button>
      </div>
    </nav>
    <figure>
      <img
        class="productDetail__image"
      />
      <img
        alt="This is background"
        class="productDetail__background"
      />
    </figure>
    <div
      class="productDetail__info"
    >
      <p
        class="text--large"
        data-testid="text"
      />
      <p
        class="productDetail__price"
      >
        Price
      </p>
      <p
        class="price__original"
        data-testid="price"
      >
        <span
          class="price__unit"
        />
      </p>
      <p
        class="productDetail__description"
      />
      <p
        class="productDetail__quantity"
      >
        Quantity
      </p>
      <div
        class="productDetail__counter"
      >
        <div
          class="counter"
          data-testid="counter"
        >
          <div
            class="counter__minus"
          >
            <i
              class="icon-minus"
              data-testid="icon"
            />
          </div>
          <input
            class="counter__input"
            min="0"
            value=""
          />
          <div
            class="counter__plus"
          >
            <i
              class="icon-plus"
              data-testid="icon"
            />
          </div>
        </div>
      </div>
      <div
        class="productDetail__btn"
      >
        <button
          class="btn btn--large"
        >
          Add to cart
        </button>
      </div>
    </div>
    <div
      class="productDetail__more"
    >
      <div
        class="productDetail__title"
      >
        <p
          class="text--dark"
          data-testid="text"
        >
          Products you may like
        </p>
      </div>
      <div
        class="productDetail__productMore"
      />
    </div>
  </div>
</DocumentFragment>
`;
