// Jest Snapshot v1, https://goo.gl/fbAQLP

exports[`Categories component matches snapshot 1`] = `
<DocumentFragment>
  <div
    class="categories"
    data-testid="categories"
  >
    <p
      class="categories__title"
    >
      Categories
    </p>
    <div
      class="categoryList__row"
      data-testid="category-list"
    />
  </div>
</DocumentFragment>
`;
