// Jest Snapshot v1, https://goo.gl/fbAQLP

exports[`CategoryList component matches snapshot 1`] = `
<DocumentFragment>
  <div
    class=""
    data-testid="category-list"
  >
    <div>
      <div
        class="categoryList__card"
      >
        <div
          class="categoryCard"
          data-testid="category-card"
        >
          <figure
            class="categoryCard__image"
          >
            <img
              alt="This is icon beverages"
              src="@assets/images/icons/beverages.png"
            />
          </figure>
          <a
            class="categoryCard__text"
            href="/products/category/1234"
          >
            <p
              data-testid="category-item"
            >
              Beverages
            </p>
          </a>
        </div>
      </div>
    </div>
    <div>
      <div
        class="categoryList__card"
      >
        <div
          class="categoryCard"
          data-testid="category-card"
        >
          <figure
            class="categoryCard__image"
          >
            <img
              alt="This is icon dairy"
              src="@assets/images/icons/dairy.png"
            />
          </figure>
          <a
            class="categoryCard__text"
            href="/products/category/12345"
          >
            <p
              data-testid="category-item"
            >
              Dairy
            </p>
          </a>
        </div>
      </div>
    </div>
    <div>
      <div
        class="categoryList__card"
      >
        <div
          class="categoryCard"
          data-testid="category-card"
        >
          <figure
            class="categoryCard__image"
          >
            <img
              alt="This is icon meat"
              src="@assets/images/icons/meat.png"
            />
          </figure>
          <a
            class="categoryCard__text"
            href="/products/category/12345"
          >
            <p
              data-testid="category-item"
            >
              Meat
            </p>
          </a>
        </div>
      </div>
    </div>
    <div>
      <div
        class="categoryList__card"
      >
        <div
          class="categoryCard"
          data-testid="category-card"
        >
          <figure
            class="categoryCard__image"
          >
            <img
              alt="This is icon spices-herbs"
              src="@assets/images/icons/spices-herbs.png"
            />
          </figure>
          <a
            class="categoryCard__text"
            href="/products/category/12345"
          >
            <p
              data-testid="category-item"
            >
              Spices & Herbs
            </p>
          </a>
        </div>
      </div>
    </div>
    <div>
      <div
        class="categoryList__card"
      >
        <div
          class="categoryCard"
          data-testid="category-card"
        >
          <figure
            class="categoryCard__image"
          >
            <img
              alt="This is icon stationery"
              src="@assets/images/icons/stationery.png"
            />
          </figure>
          <a
            class="categoryCard__text"
            href="/products/category/12345"
          >
            <p
              data-testid="category-item"
            >
              Stationery
            </p>
          </a>
        </div>
      </div>
    </div>
    <div>
      <div
        class="categoryList__card"
      >
        <div
          class="categoryCard"
          data-testid="category-card"
        >
          <figure
            class="categoryCard__image"
          >
            <img
              alt="This is icon costmetic"
              src="@assets/images/icons/costmetic.png"
            />
          </figure>
          <a
            class="categoryCard__text"
            href="/products/category/12345"
          >
            <p
              data-testid="category-item"
            >
              Costmetic
            </p>
          </a>
        </div>
      </div>
    </div>
  </div>
</DocumentFragment>
`;
