// Jest Snapshot v1, https://goo.gl/fbAQLP

exports[`Header component matches snapshot 1`] = `
<DocumentFragment>
  <header
    class="header"
    data-testid="header"
  >
    <nav
      class="nav"
      data-testid="navigation-bar"
    >
      <a
        data-testid="logo"
        href="/"
      >
        <img
          alt="This is logo"
          class=""
        />
      </a>
      <div
        class="nav__about"
      >
        <div
          class="menu"
          data-testid="menu"
        >
          <ul
            class="menu__list"
          >
            <li
              class="menu__item"
              data-testid="menu-item"
            >
              <a
                href="/products"
              >
                Shop
              </a>
            </li>
            <li
              class="menu__item"
            >
              <a
                href="/"
              >
                Orders
              </a>
            </li>
            <li
              class="menu__item"
            >
              <a
                href="/"
              >
                Cart
              </a>
            </li>
            <li
              class="menu__item"
            >
              <a
                href="/"
              >
                Contact
              </a>
            </li>
          </ul>
        </div>
        <button
          class="btn btn--light"
        >
          Sign Up
        </button>
        <button
          class="btn btn__outline--light"
        >
          Login
        </button>
      </div>
    </nav>
    <div
      class="header__info"
    >
      <p
        class="text--blur"
        data-testid="text"
      >
        Lorem ipsum dolor sit
      </p>
      <h1
        class="header__title"
      >
        Lorem ipsum dolor sit amet, consectetur adipiscing elit.
      </h1>
      <button
        class="btn btn--large"
      >
        Sign Up
      </button>
    </div>
    <figure>
      <img
        alt="This is background green color"
        class="header__images--right"
      />
      <img
        alt="This is background basket-full"
        class="header__images--basket"
      />
      <img
        alt="This is background top-view"
        class="header__images--top-view"
      />
    </figure>
  </header>
</DocumentFragment>
`;
